Copyright 1986-2019 Xilinx, Inc. All Rights Reserved.
------------------------------------------------------------------------------------
| Tool Version : Vivado v.2019.1 (win64) Build 2552052 Fri May 24 14:49:42 MDT 2019
| Date         : Wed Mar 16 15:39:38 2022
| Host         : LAPTOP-LCHRPCJC running 64-bit major release  (build 9200)
| Command      : report_control_sets -verbose -file top_control_sets_placed.rpt
| Design       : top
| Device       : xc7a35t
------------------------------------------------------------------------------------

Control Set Information

Table of Contents
-----------------
1. Summary
2. Histogram
3. Flip-Flop Distribution
4. Detailed Control Set Information

1. Summary
----------

+----------------------------------------------------------+-------+
|                          Status                          | Count |
+----------------------------------------------------------+-------+
| Total control sets                                       |    32 |
|    Minimum number of control sets                        |    32 |
|    Addition due to synthesis replication                 |     0 |
|    Addition due to physical synthesis replication        |     0 |
| Unused register locations in slices containing registers |    90 |
+----------------------------------------------------------+-------+
* Control sets can be merged at opt_design using control_set_merge or merge_equivalent_drivers
** Run report_qor_suggestions for automated merging and remapping suggestions


2. Histogram
------------

+--------------------+-------+
|       Fanout       | Count |
+--------------------+-------+
| Total control sets |    32 |
| >= 0 to < 4        |     3 |
| >= 4 to < 6        |     2 |
| >= 6 to < 8        |     0 |
| >= 8 to < 10       |     0 |
| >= 10 to < 12      |     2 |
| >= 12 to < 14      |     1 |
| >= 14 to < 16      |     1 |
| >= 16              |    23 |
+--------------------+-------+
* Control sets can be remapped at either synth_design or opt_design


3. Flip-Flop Distribution
-------------------------

+--------------+-----------------------+------------------------+-----------------+--------------+
| Clock Enable | Synchronous Set/Reset | Asynchronous Set/Reset | Total Registers | Total Slices |
+--------------+-----------------------+------------------------+-----------------+--------------+
| No           | No                    | No                     |               6 |            5 |
| No           | No                    | Yes                    |              10 |            4 |
| No           | Yes                   | No                     |               0 |            0 |
| Yes          | No                    | No                     |             486 |          186 |
| Yes          | No                    | Yes                    |             187 |           58 |
| Yes          | Yes                   | No                     |              29 |           12 |
+--------------+-----------------------+------------------------+-----------------+--------------+


4. Detailed Control Set Information
-----------------------------------

+------------------+--------------------------+------------------------+------------------+----------------+
|   Clock Signal   |       Enable Signal      |    Set/Reset Signal    | Slice Load Count | Bel Load Count |
+------------------+--------------------------+------------------------+------------------+----------------+
|  X0/inst/clk_out | X3/E[0]                  | X4/vsync0              |                1 |              1 |
|  X0/inst/clk_out | X3/E[0]                  | X4/hsync0              |                1 |              1 |
|  clk_IBUF_BUFG   |                          |                        |                2 |              2 |
|  X0/inst/clk_out |                          |                        |                3 |              4 |
|  X0/inst/clk_out | S1/clk_cycle[4]_i_1_n_0  | reset_IBUF             |                2 |              5 |
|  X0/inst/clk_out |                          | reset_IBUF             |                4 |             10 |
|  X0/inst/clk_out | X4/vcount[9]_i_1_n_0     | reset_IBUF             |                5 |             10 |
|  X0/inst/clk_out | X3/E[0]                  | X4/rgb_out[11]_i_1_n_0 |                4 |             12 |
|  clk_IBUF_BUFG   | X3/E[0]                  | X1/SR[0]               |                6 |             15 |
|  clk_IBUF_BUFG   | X1/clk_vga_prev_reg_2[0] | reset_IBUF             |                5 |             16 |
|  clk_IBUF_BUFG   | X1/clk_vga_prev_reg_0[0] | reset_IBUF             |                3 |             16 |
|  clk_IBUF_BUFG   | X1/countreset_reg_6[0]   | reset_IBUF             |                3 |             16 |
|  clk_IBUF_BUFG   | X1/clk_vga_prev_reg_3[0] | reset_IBUF             |                3 |             16 |
|  clk_IBUF_BUFG   | X1/clk_vga_prev_reg_4[0] | reset_IBUF             |                6 |             16 |
|  clk_IBUF_BUFG   | X1/clk_vga_prev_reg_5[0] | reset_IBUF             |                4 |             16 |
|  clk_IBUF_BUFG   | X1/clk_vga_prev_reg_1[0] | reset_IBUF             |                5 |             16 |
|  clk_IBUF_BUFG   | X1/clk_vga_prev_reg[0]   | reset_IBUF             |                5 |             16 |
|  clk_IBUF_BUFG   | X1/countreset_reg_7[0]   | reset_IBUF             |                8 |             16 |
|  clk_IBUF_BUFG   | S1/data_out_reg[23]_0[0] |                        |                6 |             21 |
|  clk_IBUF_BUFG   | S1/data_out_reg[21]_0[0] |                        |                9 |             21 |
|  clk_IBUF_BUFG   | S1/data_out_reg[22]_0[0] |                        |                9 |             21 |
|  clk_IBUF_BUFG   | S1/data_out_reg[20]_2[0] |                        |               11 |             21 |
|  clk_IBUF_BUFG   | S1/data_out_reg[22]_1[0] |                        |                8 |             21 |
|  clk_IBUF_BUFG   | S1/data_out_reg[22]_2[0] |                        |                7 |             21 |
|  clk_IBUF_BUFG   | S1/data_out_reg[23]_1[0] |                        |                8 |             21 |
|  clk_IBUF_BUFG   | S1/data_out_reg[20]_0[0] |                        |               12 |             21 |
|  clk_IBUF_BUFG   | S1/data_out_reg[20]_1[0] |                        |               10 |             21 |
|  X0/inst/clk_out | X3/E[0]                  |                        |                9 |             21 |
|  X0/inst/clk_out | S0/E[0]                  | reset_IBUF             |                9 |             28 |
|  X0/inst/clk_out | S1/data_out0             |                        |                9 |             28 |
|  clk_IBUF_BUFG   | X3/E[0]                  |                        |               25 |             59 |
|  clk_IBUF_BUFG   | S1/spi_confirm_reg_0[0]  |                        |               63 |            189 |
+------------------+--------------------------+------------------------+------------------+----------------+


